jom: parallel job execution disabled for Makefile
[  0%] Built target dialog-g2-core_autogen_timestamp_deps
[  4%] Built target dialog-g2-core_autogen
[ 84%] Built target dialog-g2-core
[ 84%] Built target test-controller-tests_autogen_timestamp_deps
[ 88%] Built target test-controller-tests_autogen
[100%] Built target test-controller-tests
[  0%] Built target dialog-g2-core_autogen_timestamp_deps
[  4%] Built target dialog-g2-core_autogen
[ 84%] Built target dialog-g2-core
[ 84%] Built target telemetry-tests_autogen_timestamp_deps
[ 88%] Built target telemetry-tests_autogen
[100%] Built target telemetry-tests
[  0%] Built target dialog-g2-core_autogen_timestamp_deps
[  4%] Built target dialog-g2-core_autogen
[ 84%] Built target dialog-g2-core
[ 84%] Built target dialog-g2-engine_autogen_timestamp_deps
[ 88%] Built target dialog-g2-engine_autogen
[100%] Built target dialog-g2-engine
[  2%] Built target dialog-g2-hmi_qmlimportscan
[  4%] Built target dialog-g2-hmi_copy_qml
[  6%] Built target generate_qmlls_build_ini_file
[  8%] Built target dialog-g2-hmi_copy_res
[  8%] Built target dialog-g2-hmi_autogen_timestamp_deps
[ 11%] Automatic MOC and UIC for target dialog-g2-hmi
[ 11%] Built target dialog-g2-hmi_autogen
[ 13%] Running AUTOMOC file extraction for target dialog-g2-hmi
[ 15%] Running moc --collect-json for target dialog-g2-hmi
[ 17%] Generating meta_types/qt6dialog-g2-hmi_metatypes.json
[ 17%] Generating meta_types/qt6dialog-g2-hmi_metatypes.json
[100%] Built target dialog-g2-hmi
